<?xml version="1.0" encoding="UTF-8"?>
<testng-results ignored="11" total="22" passed="11" failed="0" skipped="0">
  <reporter-output>
  </reporter-output>
  <suite started-at="2024-06-01T18:07:24 IST" name="Tests for QKART" finished-at="2024-06-01T18:13:36 IST" duration-ms="372775">
    <groups>
      <group name="Regression_Test">
        <method signature="QKART_Tests.TestCase04(java.lang.String)[pri:0, instance:QKART_TESTNG.QKART_Tests@11cb255c]" name="TestCase04" class="QKART_TESTNG.QKART_Tests"/>
        <method signature="QKART_Tests.TestCase06(java.lang.String,java.lang.String)[pri:0, instance:QKART_TESTNG.QKART_Tests@11cb255c]" name="TestCase06" class="QKART_TESTNG.QKART_Tests"/>
        <method signature="QKART_Tests.TestCase08()[pri:0, instance:QKART_TESTNG.QKART_Tests@11cb255c]" name="TestCase08" class="QKART_TESTNG.QKART_Tests"/>
        <method signature="QKART_Tests.TestCase09()[pri:0, instance:QKART_TESTNG.QKART_Tests@11cb255c]" name="TestCase09" class="QKART_TESTNG.QKART_Tests"/>
        <method signature="QKART_Tests.TestCase10(java.lang.String,java.lang.String,java.lang.String)[pri:0, instance:QKART_TESTNG.QKART_Tests@11cb255c]" name="TestCase10" class="QKART_TESTNG.QKART_Tests"/>
      </group> <!-- Regression_Test -->
      <group name="Sanity_test">
        <method signature="QKART_Tests.TestCase01(java.lang.String,java.lang.String)[pri:0, instance:QKART_TESTNG.QKART_Tests@7732a605]" name="TestCase01" class="QKART_TESTNG.QKART_Tests"/>
        <method signature="QKART_Tests.TestCase02(java.lang.String,java.lang.String)[pri:0, instance:QKART_TESTNG.QKART_Tests@7732a605]" name="TestCase02" class="QKART_TESTNG.QKART_Tests"/>
        <method signature="QKART_Tests.TestCase03(java.lang.String)[pri:0, instance:QKART_TESTNG.QKART_Tests@7732a605]" name="TestCase03" class="QKART_TESTNG.QKART_Tests"/>
        <method signature="QKART_Tests.TestCase05(java.lang.String,java.lang.String,java.lang.String)[pri:0, instance:QKART_TESTNG.QKART_Tests@7732a605]" name="TestCase05" class="QKART_TESTNG.QKART_Tests"/>
        <method signature="QKART_Tests.TestCase07(java.lang.String,int)[pri:0, instance:QKART_TESTNG.QKART_Tests@7732a605]" name="TestCase07" class="QKART_TESTNG.QKART_Tests"/>
        <method signature="QKART_Tests.TestCase11(java.lang.String,java.lang.String)[pri:0, instance:QKART_TESTNG.QKART_Tests@7732a605]" name="TestCase11" class="QKART_TESTNG.QKART_Tests"/>
      </group> <!-- Sanity_test -->
    </groups>
    <test started-at="2024-06-01T18:07:24 IST" name="Test Execution using testNG - Sanity" finished-at="2024-06-01T18:12:08 IST" duration-ms="283916">
      <class name="QKART_TESTNG.QKART_Tests">
        <test-method signature="TestCase01(java.lang.String,java.lang.String)[pri:0, instance:QKART_TESTNG.QKART_Tests@7732a605]" started-at="2024-06-01T18:07:24 IST" name="TestCase01" description="Verify registration happens correctly" finished-at="2024-06-01T18:07:38 IST" duration-ms="13937" status="PASS">
          <params>
            <param index="0">
              <value>
                <![CDATA[testUser]]>
              </value>
            </param>
            <param index="1">
              <value>
                <![CDATA[abc@123]]>
              </value>
            </param>
          </params>
          <reporter-output>
          </reporter-output>
        </test-method> <!-- TestCase01 -->
        <test-method signature="TestCase02(java.lang.String,java.lang.String)[pri:0, instance:QKART_TESTNG.QKART_Tests@7732a605]" started-at="2024-06-01T18:07:39 IST" name="TestCase02" description="Verify re-registering an already registered user fails" finished-at="2024-06-01T18:08:15 IST" duration-ms="36329" status="PASS">
          <params>
            <param index="0">
              <value>
                <![CDATA[testUser]]>
              </value>
            </param>
            <param index="1">
              <value>
                <![CDATA[abc@123]]>
              </value>
            </param>
          </params>
          <reporter-output>
          </reporter-output>
        </test-method> <!-- TestCase02 -->
        <test-method signature="TestCase03(java.lang.String)[pri:0, instance:QKART_TESTNG.QKART_Tests@7732a605]" started-at="2024-06-01T18:08:17 IST" name="TestCase03" description="Verify the functionality of search text box" finished-at="2024-06-01T18:08:26 IST" duration-ms="8944" status="PASS">
          <params>
            <param index="0">
              <value>
                <![CDATA[YONEX]]>
              </value>
            </param>
          </params>
          <reporter-output>
          </reporter-output>
        </test-method> <!-- TestCase03 -->
        <test-method signature="TestCase05(java.lang.String,java.lang.String,java.lang.String)[pri:0, instance:QKART_TESTNG.QKART_Tests@7732a605]" started-at="2024-06-01T18:08:27 IST" name="TestCase05" description="Verify that a new user can add multiple products in to the cart and Checkout" finished-at="2024-06-01T18:08:54 IST" duration-ms="27916" status="PASS">
          <params>
            <param index="0">
              <value>
                <![CDATA[YONEX Smash Badminton Racquet]]>
              </value>
            </param>
            <param index="1">
              <value>
                <![CDATA[Tan Leatherette Weekender Duffle]]>
              </value>
            </param>
            <param index="2">
              <value>
                <![CDATA[Addr line 1 addr Line 2 addr Line 3]]>
              </value>
            </param>
          </params>
          <reporter-output>
          </reporter-output>
        </test-method> <!-- TestCase05 -->
        <test-method signature="TestCase07(java.lang.String,int)[pri:0, instance:QKART_TESTNG.QKART_Tests@7732a605]" started-at="2024-06-01T18:08:56 IST" name="TestCase07" description="Verify that insufficient balance error is thrown when the wallet balance is not enough" finished-at="2024-06-01T18:11:40 IST" duration-ms="164366" status="PASS">
          <params>
            <param index="0">
              <value>
                <![CDATA[Tan Leatherette Weekender Duffle]]>
              </value>
            </param>
            <param index="1">
              <value>
                <![CDATA[60]]>
              </value>
            </param>
          </params>
          <reporter-output>
          </reporter-output>
        </test-method> <!-- TestCase07 -->
        <test-method signature="TestCase11(java.lang.String,java.lang.String)[pri:0, instance:QKART_TESTNG.QKART_Tests@7732a605]" started-at="2024-06-01T18:11:40 IST" name="TestCase11" description="Ensure that the Advertisement Links on the QKART page are clickable" finished-at="2024-06-01T18:12:07 IST" duration-ms="26978" status="PASS">
          <params>
            <param index="0">
              <value>
                <![CDATA[YONEX Smash Badminton Racquet]]>
              </value>
            </param>
            <param index="1">
              <value>
                <![CDATA[Addr line 1 addr Line 2 addr Line 3]]>
              </value>
            </param>
          </params>
          <reporter-output>
          </reporter-output>
        </test-method> <!-- TestCase11 -->
      </class> <!-- QKART_TESTNG.QKART_Tests -->
    </test> <!-- Test Execution using testNG - Sanity -->
    <test started-at="2024-06-01T18:12:08 IST" name="Test Execution using testNG - Regression" finished-at="2024-06-01T18:13:36 IST" duration-ms="88783">
      <class name="QKART_TESTNG.QKART_Tests">
        <test-method is-config="true" signature="createDriver()[pri:0, instance:QKART_TESTNG.QKART_Tests@11cb255c]" started-at="2024-06-01T18:07:21 IST" name="createDriver" finished-at="2024-06-01T18:07:24 IST" duration-ms="2712" status="PASS">
          <reporter-output>
          </reporter-output>
        </test-method> <!-- createDriver -->
        <test-method signature="TestCase04(java.lang.String)[pri:0, instance:QKART_TESTNG.QKART_Tests@11cb255c]" started-at="2024-06-01T18:12:08 IST" name="TestCase04" description="Verify the existence of size chart for certain items and validate contents of size chart" finished-at="2024-06-01T18:12:29 IST" duration-ms="21706" status="PASS">
          <params>
            <param index="0">
              <value>
                <![CDATA[Running Shoes]]>
              </value>
            </param>
          </params>
          <reporter-output>
          </reporter-output>
        </test-method> <!-- TestCase04 -->
        <test-method signature="TestCase06(java.lang.String,java.lang.String)[pri:0, instance:QKART_TESTNG.QKART_Tests@11cb255c]" started-at="2024-06-01T18:12:30 IST" name="TestCase06" description="Verify that the contents of the cart can be edited" finished-at="2024-06-01T18:13:05 IST" duration-ms="34729" status="PASS">
          <params>
            <param index="0">
              <value>
                <![CDATA[Xtend Smart Watch]]>
              </value>
            </param>
            <param index="1">
              <value>
                <![CDATA[Yarine Floor Lamp]]>
              </value>
            </param>
          </params>
          <reporter-output>
          </reporter-output>
        </test-method> <!-- TestCase06 -->
        <test-method signature="TestCase08()[pri:0, instance:QKART_TESTNG.QKART_Tests@11cb255c]" started-at="2024-06-01T18:13:07 IST" name="TestCase08" description="Verify that a product added to a cart is available when a new tab is added" finished-at="2024-06-01T18:13:22 IST" duration-ms="15501" status="PASS">
          <reporter-output>
          </reporter-output>
        </test-method> <!-- TestCase08 -->
        <test-method signature="TestCase09()[pri:0, instance:QKART_TESTNG.QKART_Tests@11cb255c]" started-at="2024-06-01T18:13:23 IST" name="TestCase09" description="Verify that privacy policy and about us links are working fine" finished-at="2024-06-01T18:13:32 IST" duration-ms="9428" status="PASS">
          <reporter-output>
          </reporter-output>
        </test-method> <!-- TestCase09 -->
        <test-method signature="TestCase10(java.lang.String,java.lang.String,java.lang.String)[pri:0, instance:QKART_TESTNG.QKART_Tests@11cb255c]" started-at="2024-06-01T18:13:33 IST" name="TestCase10" description="Verify that the contact us dialog works fine" finished-at="2024-06-01T18:13:36 IST" duration-ms="2524" status="PASS">
          <params>
            <param index="0">
              <value>
                <![CDATA[crio user]]>
              </value>
            </param>
            <param index="1">
              <value>
                <![CDATA[criouser@gmail.com]]>
              </value>
            </param>
            <param index="2">
              <value>
                <![CDATA[Testing the contact us page]]>
              </value>
            </param>
          </params>
          <reporter-output>
          </reporter-output>
        </test-method> <!-- TestCase10 -->
      </class> <!-- QKART_TESTNG.QKART_Tests -->
    </test> <!-- Test Execution using testNG - Regression -->
  </suite> <!-- Tests for QKART -->
</testng-results>
